12.2273 	DEBUG 	Fullscreen settings ignored as running in pilot mode.
12.2290 	INFO 	Loaded monitor calibration from ['2025_08_12 00:36']
12.3753 	INFO 	Using renderer 'Apple M1' for graphics
12.3753 	INFO 	OpenGL version supported by driver is 2..
12.3911 	EXP 	Created window1 = Window(allowGUI=False, allowStencil=False, autoLog=True, backendConf=UNKNOWN, backgroundFit=<method-wrapper '__getattribute__' of attributeSetter object at 0x144c8d7e0>, backgroundImage=<method-wrapper '__getattribute__' of attributeSetter object at 0x144c8d780>, bitsMode=UNKNOWN, blendMode='avg', bpc=(8, 8, 8), color=array([0, 0, 0]), colorSpace='rgb', depthBits=8, fullscr=False, gamma=None, gammaErrorPolicy='raise', infoMsg=UNKNOWN, lms=UNKNOWN, monitor=<psychopy.monitors.calibTools.Monitor object at 0x144c7fa30>, multiSample=False, name='window1', numSamples=2, pos=[np.float64(320.0), np.float64(150.0)], screen=0, size=array([1600, 1200]), stencilBits=0, stereo=False, title='PsychoPy', units='height', useFBO=True, useRetina=True, viewOri=0.0, viewPos=None, viewScale=None, waitBlanking=True, winType='pyglet')
12.3912 	EXP 	window1: backgroundImage = ''
12.3912 	EXP 	window1: backgroundFit = 'none'
12.4147 	DEBUG 	TextBox2 loaded 1 chars with 0 blanks and 1 valid
12.4274 	DEBUG 	TextBox2 loaded 1 chars with 0 blanks and 1 valid
12.4400 	DEBUG 	TextBox2 loaded 1 chars with 0 blanks and 1 valid
12.4528 	DEBUG 	TextBox2 loaded 1 chars with 0 blanks and 1 valid
12.4656 	DEBUG 	TextBox2 loaded 1 chars with 0 blanks and 1 valid
12.4779 	DEBUG 	TextBox2 loaded 1 chars with 0 blanks and 1 valid
12.4905 	DEBUG 	TextBox2 loaded 1 chars with 0 blanks and 1 valid
12.5032 	DEBUG 	TextBox2 loaded 1 chars with 0 blanks and 1 valid
12.5155 	DEBUG 	TextBox2 loaded 1 chars with 0 blanks and 1 valid
12.5280 	DEBUG 	TextBox2 loaded 1 chars with 0 blanks and 1 valid
12.5406 	DEBUG 	TextBox2 loaded 1 chars with 0 blanks and 1 valid
12.5532 	DEBUG 	TextBox2 loaded 1 chars with 0 blanks and 1 valid
12.5657 	DEBUG 	TextBox2 loaded 1 chars with 0 blanks and 1 valid
12.5783 	DEBUG 	TextBox2 loaded 1 chars with 0 blanks and 1 valid
12.5909 	DEBUG 	TextBox2 loaded 1 chars with 0 blanks and 1 valid
12.6035 	DEBUG 	TextBox2 loaded 1 chars with 0 blanks and 1 valid
12.6161 	DEBUG 	TextBox2 loaded 1 chars with 0 blanks and 1 valid
12.6285 	DEBUG 	TextBox2 loaded 1 chars with 0 blanks and 1 valid
12.6409 	DEBUG 	TextBox2 loaded 1 chars with 0 blanks and 1 valid
12.6537 	DEBUG 	TextBox2 loaded 1 chars with 0 blanks and 1 valid
12.6659 	DEBUG 	TextBox2 loaded 1 chars with 0 blanks and 1 valid
12.6662 	DEBUG 	Uploading Texture Font fontname to graphics card
12.6702 	DEBUG 	Upload of Texture Font fontname complete
12.6876 	DEBUG 	TextBox2 loaded 1 chars with 0 blanks and 1 valid
12.7005 	DEBUG 	TextBox2 loaded 1 chars with 0 blanks and 1 valid
12.7133 	DEBUG 	TextBox2 loaded 1 chars with 0 blanks and 1 valid
12.7135 	DEBUG 	Uploading Texture Font fontname to graphics card
12.7156 	DEBUG 	Upload of Texture Font fontname complete
12.7170 	EXP 	window1: Attempting to measure frame rate of screen (0) ...
12.7170 	EXP 	window1: recordFrameIntervals = False
12.8549 	EXP 	window1: recordFrameIntervals = True
13.6891 	WARNING 	Couldn't measure a consistent frame rate!
  - Is your graphics card set to sync to vertical blank?
  - Are you running other processes on your computer?

13.7250 	DEBUG 	TextBox2 loaded 1 chars with 0 blanks and 1 valid
13.7439 	DEBUG 	TextBox2 loaded 1 chars with 0 blanks and 1 valid
13.7597 	DEBUG 	TextBox2 loaded 1 chars with 0 blanks and 1 valid
13.7741 	DEBUG 	TextBox2 loaded 1 chars with 0 blanks and 1 valid
13.7875 	DEBUG 	TextBox2 loaded 1 chars with 0 blanks and 1 valid
13.8006 	DEBUG 	TextBox2 loaded 1 chars with 0 blanks and 1 valid
13.8130 	DEBUG 	TextBox2 loaded 1 chars with 0 blanks and 1 valid
13.8258 	DEBUG 	TextBox2 loaded 1 chars with 0 blanks and 1 valid
13.8387 	DEBUG 	TextBox2 loaded 1 chars with 0 blanks and 1 valid
13.8514 	DEBUG 	TextBox2 loaded 1 chars with 0 blanks and 1 valid
13.8517 	DEBUG 	Uploading Texture Font fontname to graphics card
13.8548 	DEBUG 	Upload of Texture Font fontname complete
14.3919 	INFO 	keyboard.Keyboard is using ptb backend.
14.5600 	INFO 	keyboard.Keyboard is using ptb backend.
14.5600 	EXP 	stroop task: status = STARTED
14.5850 	EXP 	Created text_2 = TextStim(__class__=<class 'psychopy.visual.text.TextStim'>, alignHoriz=method-wrapper(...), alignText='center', alignVert=method-wrapper(...), anchorHoriz='center', anchorVert='center', antialias=True, autoDraw=False, autoLog=True, bold=False, color=array([1., 1., 1.]), colorSpace='rgb', contrast=1.0, depth=0.0, draggable=False, flipHoriz=False, flipVert=False, font='Arial', fontFiles=[], height=np.float64(0.05), italic=False, languageStyle='LTR', name='text_2', opacity=1, ori=0.0, pos=array([0., 0.]), rgb=UNKNOWN, text='Welcome', units='height', win=Window(...), wrapWidth=1)
14.5893 	EXP 	Created fixation = ShapeStim(__class__=<class 'psychopy.visual.shape.ShapeStim'>, anchor=('center', 'center'), autoDraw=False, autoLog=True, closeShape=True, color=method-wrapper(...), colorSpace='rgb', contrast=None, depth=0.0, draggable=False, fillColor=array([1, 1, 1]), fillColorSpace='rgb', fillRGB=array([1, 1, 1]), interpolate=True, lineColor=array([1., 1., 1.]), lineColorSpace='rgb', lineRGB=array([1, 1, 1]), lineWidth=1.0, name='fixation', opacity=1, ori=0.0, pos=array([0., 0.]), size=array([10., 10.]), units='pix', vertices=ndarray(...), win=Window(...), windingRule=None)
14.5899 	EXP 	Created text = TextStim(__class__=<class 'psychopy.visual.text.TextStim'>, alignHoriz=method-wrapper(...), alignText='center', alignVert=method-wrapper(...), anchorHoriz='center', anchorVert='center', antialias=True, autoDraw=False, autoLog=True, bold=False, color=array([1., 1., 1.]), colorSpace='rgb', contrast=1.0, depth=-1.0, draggable=False, flipHoriz=False, flipVert=False, font='Arial', fontFiles=[], height=0.05, italic=False, languageStyle='LTR', name='text', opacity=1, ori=0.0, pos=array([0., 0.]), rgb=UNKNOWN, text='', units='height', win=Window(...), wrapWidth=1)
14.5942 	EXP 	Created text_3 = TextStim(__class__=<class 'psychopy.visual.text.TextStim'>, alignHoriz=method-wrapper(...), alignText='center', alignVert=method-wrapper(...), anchorHoriz='center', anchorVert='center', antialias=True, autoDraw=False, autoLog=True, bold=False, color=array([1., 1., 1.]), colorSpace='rgb', contrast=1.0, depth=0.0, draggable=False, flipHoriz=False, flipVert=False, font='Arial', fontFiles=[], height=np.float64(0.05), italic=False, languageStyle='LTR', name='text_3', opacity=1, ori=0.0, pos=array([0., 0.]), rgb=UNKNOWN, text='Thank you', units='height', win=Window(...), wrapWidth=1)
0.0115 	EXP 	text_2: autoDraw = True
1.0069 	DEBUG 	Read excel file with openpyxl: stroop/cond.xlsx
1.0075 	EXP 	Imported stroop/cond.xlsx as conditions, 4 conditions, 4 params
1.0088 	EXP 	New trial (rep=0, index=0): <Trial 0 (0 in rep 0) data={'word': 'BLUE', 'colour': 'blue', 'stim_condition': 'C', 'correct_resp': 'b', 'thisN': 0, 'thisTrialN': 0, 'thisRepN': 0}>
1.0174 	WARNING 	t of last frame was 22.81ms (=1/43)
1.0174 	EXP 	text_2: autoDraw = False
1.0174 	EXP 	text_2: autoDraw = False
1.0174 	EXP 	text: foreColor = <psychopy.colors.Color: blue, alpha=1.0>
1.0174 	EXP 	text: height = np.float64(0.05)
1.0174 	EXP 	text: height = np.float64(0.05)
1.0174 	EXP 	text: height = np.float64(0.05)
1.0174 	EXP 	text: text = 'BLUE'
1.0174 	EXP 	fixation: autoDraw = True
1.4947 	INFO 	Keyboard events cleared
1.4946 	EXP 	fixation: autoDraw = False
1.4946 	EXP 	text: autoDraw = True
2.7104 	EXP 	Device response: <KeyPress from None: t=2.553955457988195, value=b, duration=None>
2.7105 	EXP 	Device response: <KeyPress from None: t=2.553955457988195, value=b, duration=0.07506162498611957>
2.7106 	EXP 	New trial (rep=0, index=1): <Trial 1 (1 in rep 0) data={'word': 'BLUE', 'colour': 'red', 'stim_condition': 'I', 'correct_resp': 'r', 'thisN': 1, 'thisTrialN': 1, 'thisRepN': 0}>
2.7132 	DATA 	Keypress: b
2.7170 	WARNING 	t of last frame was 155.67ms (=1/6)
2.7170 	EXP 	fixation: autoDraw = False
2.7170 	EXP 	text: autoDraw = False
2.7170 	EXP 	text: foreColor = <psychopy.colors.Color: red, alpha=1.0>
2.7170 	EXP 	text: text = 'BLUE'
2.7170 	EXP 	fixation: autoDraw = True
3.2016 	INFO 	Keyboard events cleared
3.2015 	EXP 	fixation: autoDraw = False
3.2015 	EXP 	text: autoDraw = True
4.1877 	EXP 	Device response: <KeyPress from None: t=4.183960082940757, value=r, duration=None>
4.1879 	EXP 	New trial (rep=0, index=2): <Trial 2 (2 in rep 0) data={'word': 'RED', 'colour': 'red', 'stim_condition': 'C', 'correct_resp': 'r', 'thisN': 2, 'thisTrialN': 2, 'thisRepN': 0}>
4.1945 	DATA 	Keypress: r
4.1973 	EXP 	fixation: autoDraw = False
4.1973 	EXP 	text: autoDraw = False
4.1973 	EXP 	text: foreColor = <psychopy.colors.Color: red, alpha=1.0>
4.1973 	EXP 	text: height = np.float64(0.05)
4.1973 	EXP 	text: height = np.float64(0.05)
4.1973 	EXP 	text: height = np.float64(0.05)
4.1973 	EXP 	text: text = 'RED'
4.1973 	EXP 	fixation: autoDraw = True
4.2976 	EXP 	Device response: <KeyPress from None: t=4.183960082940757, value=r, duration=0.10840062506031245>
4.6863 	INFO 	Keyboard events cleared
4.6862 	EXP 	fixation: autoDraw = False
4.6862 	EXP 	text: autoDraw = True
6.1146 	EXP 	Device response: <KeyPress from None: t=6.110151041997597, value=r, duration=None>
6.1148 	EXP 	New trial (rep=0, index=3): <Trial 3 (3 in rep 0) data={'word': 'RED', 'colour': 'blue', 'stim_condition': 'I', 'correct_resp': 'b', 'thisN': 3, 'thisTrialN': 3, 'thisRepN': 0}>
6.1248 	DATA 	Keypress: r
6.1282 	EXP 	fixation: autoDraw = False
6.1282 	EXP 	text: autoDraw = False
6.1282 	EXP 	text: foreColor = <psychopy.colors.Color: blue, alpha=1.0>
6.1282 	EXP 	text: text = 'RED'
6.1282 	EXP 	fixation: autoDraw = True
6.2645 	EXP 	Device response: <KeyPress from None: t=6.110151041997597, value=r, duration=0.14409279101528227>
6.6114 	INFO 	Keyboard events cleared
6.6114 	EXP 	fixation: autoDraw = False
6.6114 	EXP 	text: autoDraw = True
7.3979 	EXP 	Device response: <KeyPress from None: t=7.3890051250346005, value=b, duration=None>
7.3981 	EXP 	New trial (rep=1, index=0): <Trial 4 (0 in rep 1) data={'word': 'RED', 'colour': 'blue', 'stim_condition': 'I', 'correct_resp': 'b', 'thisN': 4, 'thisTrialN': 0, 'thisRepN': 1}>
7.4004 	DATA 	Keypress: b
7.4040 	EXP 	fixation: autoDraw = False
7.4040 	EXP 	text: autoDraw = False
7.4040 	EXP 	text: foreColor = <psychopy.colors.Color: blue, alpha=1.0>
7.4040 	EXP 	text: text = 'RED'
7.4040 	EXP 	fixation: autoDraw = True
7.5147 	EXP 	Device response: <KeyPress from None: t=7.3890051250346005, value=b, duration=0.12421020795591176>
7.8949 	INFO 	Keyboard events cleared
7.8948 	EXP 	fixation: autoDraw = False
7.8948 	EXP 	text: autoDraw = True
8.8206 	EXP 	Device response: <KeyPress from None: t=8.81405054195784, value=b, duration=None>
8.8208 	EXP 	New trial (rep=1, index=1): <Trial 5 (1 in rep 1) data={'word': 'RED', 'colour': 'red', 'stim_condition': 'C', 'correct_resp': 'r', 'thisN': 5, 'thisTrialN': 1, 'thisRepN': 1}>
8.8231 	DATA 	Keypress: b
8.8275 	EXP 	fixation: autoDraw = False
8.8275 	EXP 	text: autoDraw = False
8.8275 	EXP 	text: foreColor = <psychopy.colors.Color: red, alpha=1.0>
8.8275 	EXP 	text: text = 'RED'
8.8275 	EXP 	fixation: autoDraw = True
8.9478 	EXP 	Device response: <KeyPress from None: t=8.81405054195784, value=b, duration=0.1322304999921471>
9.3189 	INFO 	Keyboard events cleared
9.3188 	EXP 	fixation: autoDraw = False
9.3188 	EXP 	text: autoDraw = True
10.1483 	EXP 	Device response: <KeyPress from None: t=10.140911791939288, value=r, duration=None>
10.1486 	EXP 	New trial (rep=1, index=2): <Trial 6 (2 in rep 1) data={'word': 'BLUE', 'colour': 'red', 'stim_condition': 'I', 'correct_resp': 'r', 'thisN': 6, 'thisTrialN': 2, 'thisRepN': 1}>
10.1528 	DATA 	Keypress: r
10.1563 	EXP 	fixation: autoDraw = False
10.1563 	EXP 	text: autoDraw = False
10.1563 	EXP 	text: foreColor = <psychopy.colors.Color: red, alpha=1.0>
10.1563 	EXP 	text: height = np.float64(0.05)
10.1563 	EXP 	text: height = np.float64(0.05)
10.1563 	EXP 	text: height = np.float64(0.05)
10.1563 	EXP 	text: text = 'BLUE'
10.1563 	EXP 	fixation: autoDraw = True
10.1781 	WARNING 	t of last frame was 21.78ms (=1/45)
10.2714 	EXP 	Device response: <KeyPress from None: t=10.140911791939288, value=r, duration=0.12445533310528845>
10.6446 	INFO 	Keyboard events cleared
10.6445 	EXP 	fixation: autoDraw = False
10.6445 	EXP 	text: autoDraw = True
11.5144 	EXP 	Device response: <KeyPress from None: t=11.50997016695328, value=r, duration=None>
11.5147 	EXP 	New trial (rep=1, index=3): <Trial 7 (3 in rep 1) data={'word': 'BLUE', 'colour': 'blue', 'stim_condition': 'C', 'correct_resp': 'b', 'thisN': 7, 'thisTrialN': 3, 'thisRepN': 1}>
11.5168 	DATA 	Keypress: r
11.5202 	EXP 	fixation: autoDraw = False
11.5202 	EXP 	text: autoDraw = False
11.5202 	EXP 	text: foreColor = <psychopy.colors.Color: blue, alpha=1.0>
11.5202 	EXP 	text: text = 'BLUE'
11.5202 	EXP 	fixation: autoDraw = True
11.6872 	EXP 	Device response: <KeyPress from None: t=11.50997016695328, value=r, duration=0.17227845801971853>
12.0116 	INFO 	Keyboard events cleared
12.0116 	EXP 	fixation: autoDraw = False
12.0116 	EXP 	text: autoDraw = True
12.6871 	EXP 	Device response: <KeyPress from None: t=12.680835166946054, value=b, duration=None>
12.6873 	EXP 	New trial (rep=2, index=0): <Trial 8 (0 in rep 2) data={'word': 'RED', 'colour': 'blue', 'stim_condition': 'I', 'correct_resp': 'b', 'thisN': 8, 'thisTrialN': 0, 'thisRepN': 2}>
12.6915 	DATA 	Keypress: b
12.6952 	EXP 	fixation: autoDraw = False
12.6952 	EXP 	text: autoDraw = False
12.6952 	EXP 	text: foreColor = <psychopy.colors.Color: blue, alpha=1.0>
12.6952 	EXP 	text: height = np.float64(0.05)
12.6952 	EXP 	text: height = np.float64(0.05)
12.6952 	EXP 	text: height = np.float64(0.05)
12.6952 	EXP 	text: text = 'RED'
12.6952 	EXP 	fixation: autoDraw = True
12.8145 	EXP 	Device response: <KeyPress from None: t=12.680835166946054, value=b, duration=0.12869104102719575>
13.1863 	INFO 	Keyboard events cleared
13.1862 	EXP 	fixation: autoDraw = False
13.1862 	EXP 	text: autoDraw = True
14.0375 	EXP 	Device response: <KeyPress from None: t=14.035881291958503, value=b, duration=None>
14.0378 	EXP 	New trial (rep=2, index=1): <Trial 9 (1 in rep 2) data={'word': 'BLUE', 'colour': 'red', 'stim_condition': 'I', 'correct_resp': 'r', 'thisN': 9, 'thisTrialN': 1, 'thisRepN': 2}>
14.0419 	DATA 	Keypress: b
14.0458 	EXP 	fixation: autoDraw = False
14.0458 	EXP 	text: autoDraw = False
14.0458 	EXP 	text: foreColor = <psychopy.colors.Color: red, alpha=1.0>
14.0458 	EXP 	text: height = np.float64(0.05)
14.0458 	EXP 	text: height = np.float64(0.05)
14.0458 	EXP 	text: height = np.float64(0.05)
14.0458 	EXP 	text: text = 'BLUE'
14.0458 	EXP 	fixation: autoDraw = True
14.1649 	EXP 	Device response: <KeyPress from None: t=14.035881291958503, value=b, duration=0.1246709160041064>
14.5361 	INFO 	Keyboard events cleared
14.5360 	EXP 	fixation: autoDraw = False
14.5360 	EXP 	text: autoDraw = True
16.0315 	EXP 	Device response: <KeyPress from None: t=16.021094333031215, value=r, duration=None>
16.0318 	EXP 	New trial (rep=2, index=2): <Trial 10 (2 in rep 2) data={'word': 'RED', 'colour': 'red', 'stim_condition': 'C', 'correct_resp': 'r', 'thisN': 10, 'thisTrialN': 2, 'thisRepN': 2}>
16.0359 	DATA 	Keypress: r
16.0396 	EXP 	fixation: autoDraw = False
16.0396 	EXP 	text: autoDraw = False
16.0396 	EXP 	text: foreColor = <psychopy.colors.Color: red, alpha=1.0>
16.0396 	EXP 	text: height = np.float64(0.05)
16.0396 	EXP 	text: height = np.float64(0.05)
16.0396 	EXP 	text: height = np.float64(0.05)
16.0396 	EXP 	text: text = 'RED'
16.0396 	EXP 	fixation: autoDraw = True
16.1480 	EXP 	Device response: <KeyPress from None: t=16.021094333031215, value=r, duration=0.12424325000029057>
16.5277 	INFO 	Keyboard events cleared
16.5277 	EXP 	fixation: autoDraw = False
16.5277 	EXP 	text: autoDraw = True
17.2708 	EXP 	Device response: <KeyPress from None: t=17.26896370796021, value=r, duration=None>
17.2710 	EXP 	New trial (rep=2, index=3): <Trial 11 (3 in rep 2) data={'word': 'BLUE', 'colour': 'blue', 'stim_condition': 'C', 'correct_resp': 'b', 'thisN': 11, 'thisTrialN': 3, 'thisRepN': 2}>
17.2751 	DATA 	Keypress: r
17.2791 	EXP 	fixation: autoDraw = False
17.2791 	EXP 	text: autoDraw = False
17.2791 	EXP 	text: foreColor = <psychopy.colors.Color: blue, alpha=1.0>
17.2791 	EXP 	text: height = np.float64(0.05)
17.2791 	EXP 	text: height = np.float64(0.05)
17.2791 	EXP 	text: height = np.float64(0.05)
17.2791 	EXP 	text: text = 'BLUE'
17.2791 	EXP 	fixation: autoDraw = True
17.4150 	EXP 	Device response: <KeyPress from None: t=17.26896370796021, value=r, duration=0.14432704204227775>
17.7696 	INFO 	Keyboard events cleared
17.7696 	EXP 	fixation: autoDraw = False
17.7696 	EXP 	text: autoDraw = True
18.4542 	EXP 	Device response: <KeyPress from None: t=18.4491094580153, value=b, duration=None>
18.4544 	EXP 	New trial (rep=3, index=0): <Trial 12 (0 in rep 3) data={'word': 'RED', 'colour': 'blue', 'stim_condition': 'I', 'correct_resp': 'b', 'thisN': 12, 'thisTrialN': 0, 'thisRepN': 3}>
18.4586 	DATA 	Keypress: b
18.4625 	EXP 	fixation: autoDraw = False
18.4625 	EXP 	text: autoDraw = False
18.4625 	EXP 	text: foreColor = <psychopy.colors.Color: blue, alpha=1.0>
18.4625 	EXP 	text: height = np.float64(0.05)
18.4625 	EXP 	text: height = np.float64(0.05)
18.4625 	EXP 	text: height = np.float64(0.05)
18.4625 	EXP 	text: text = 'RED'
18.4625 	EXP 	fixation: autoDraw = True
18.5816 	EXP 	Device response: <KeyPress from None: t=18.4491094580153, value=b, duration=0.12434729200322181>
18.9526 	INFO 	Keyboard events cleared
18.9525 	EXP 	fixation: autoDraw = False
18.9525 	EXP 	text: autoDraw = True
19.7486 	EXP 	Device response: <KeyPress from None: t=19.74599079194013, value=b, duration=None>
19.7489 	EXP 	New trial (rep=3, index=1): <Trial 13 (1 in rep 3) data={'word': 'BLUE', 'colour': 'red', 'stim_condition': 'I', 'correct_resp': 'r', 'thisN': 13, 'thisTrialN': 1, 'thisRepN': 3}>
19.7532 	DATA 	Keypress: b
19.7569 	EXP 	fixation: autoDraw = False
19.7569 	EXP 	text: autoDraw = False
19.7569 	EXP 	text: foreColor = <psychopy.colors.Color: red, alpha=1.0>
19.7569 	EXP 	text: height = np.float64(0.05)
19.7569 	EXP 	text: height = np.float64(0.05)
19.7569 	EXP 	text: height = np.float64(0.05)
19.7569 	EXP 	text: text = 'BLUE'
19.7569 	EXP 	fixation: autoDraw = True
19.7785 	WARNING 	t of last frame was 21.62ms (=1/46)
19.8709 	EXP 	Device response: <KeyPress from None: t=19.74599079194013, value=b, duration=0.12042712501715869>
20.2453 	INFO 	Keyboard events cleared
20.2452 	EXP 	fixation: autoDraw = False
20.2452 	EXP 	text: autoDraw = True
20.9650 	EXP 	Device response: <KeyPress from None: t=20.95814329199493, value=r, duration=None>
20.9652 	EXP 	New trial (rep=3, index=2): <Trial 14 (2 in rep 3) data={'word': 'RED', 'colour': 'red', 'stim_condition': 'C', 'correct_resp': 'r', 'thisN': 14, 'thisTrialN': 2, 'thisRepN': 3}>
20.9694 	DATA 	Keypress: r
20.9732 	EXP 	fixation: autoDraw = False
20.9732 	EXP 	text: autoDraw = False
20.9732 	EXP 	text: foreColor = <psychopy.colors.Color: red, alpha=1.0>
20.9732 	EXP 	text: height = np.float64(0.05)
20.9732 	EXP 	text: height = np.float64(0.05)
20.9732 	EXP 	text: height = np.float64(0.05)
20.9732 	EXP 	text: text = 'RED'
20.9732 	EXP 	fixation: autoDraw = True
21.0816 	EXP 	Device response: <KeyPress from None: t=20.95814329199493, value=r, duration=0.11624829098582268>
21.4613 	INFO 	Keyboard events cleared
21.4612 	EXP 	fixation: autoDraw = False
21.4612 	EXP 	text: autoDraw = True
22.2711 	EXP 	Device response: <KeyPress from None: t=22.26708887494169, value=r, duration=None>
22.2713 	EXP 	New trial (rep=3, index=3): <Trial 15 (3 in rep 3) data={'word': 'BLUE', 'colour': 'blue', 'stim_condition': 'C', 'correct_resp': 'b', 'thisN': 15, 'thisTrialN': 3, 'thisRepN': 3}>
22.2755 	DATA 	Keypress: r
22.2794 	EXP 	fixation: autoDraw = False
22.2794 	EXP 	text: autoDraw = False
22.2794 	EXP 	text: foreColor = <psychopy.colors.Color: blue, alpha=1.0>
22.2794 	EXP 	text: height = np.float64(0.05)
22.2794 	EXP 	text: height = np.float64(0.05)
22.2794 	EXP 	text: height = np.float64(0.05)
22.2794 	EXP 	text: text = 'BLUE'
22.2794 	EXP 	fixation: autoDraw = True
22.3983 	EXP 	Device response: <KeyPress from None: t=22.26708887494169, value=r, duration=0.1203735830495134>
22.7693 	INFO 	Keyboard events cleared
22.7692 	EXP 	fixation: autoDraw = False
22.7692 	EXP 	text: autoDraw = True
23.4543 	EXP 	Device response: <KeyPress from None: t=23.452122000046074, value=b, duration=None>
23.4545 	EXP 	New trial (rep=4, index=0): <Trial 16 (0 in rep 4) data={'word': 'BLUE', 'colour': 'red', 'stim_condition': 'I', 'correct_resp': 'r', 'thisN': 16, 'thisTrialN': 0, 'thisRepN': 4}>
23.4566 	DATA 	Keypress: b
23.4613 	EXP 	fixation: autoDraw = False
23.4613 	EXP 	text: autoDraw = False
23.4613 	EXP 	text: foreColor = <psychopy.colors.Color: red, alpha=1.0>
23.4613 	EXP 	text: text = 'BLUE'
23.4613 	EXP 	fixation: autoDraw = True
23.5816 	EXP 	Device response: <KeyPress from None: t=23.452122000046074, value=b, duration=0.12444645795039833>
23.9528 	INFO 	Keyboard events cleared
23.9528 	EXP 	fixation: autoDraw = False
23.9528 	EXP 	text: autoDraw = True
24.7651 	EXP 	Device response: <KeyPress from None: t=24.75519199995324, value=r, duration=None>
24.7654 	EXP 	New trial (rep=4, index=1): <Trial 17 (1 in rep 4) data={'word': 'RED', 'colour': 'blue', 'stim_condition': 'I', 'correct_resp': 'b', 'thisN': 17, 'thisTrialN': 1, 'thisRepN': 4}>
24.7695 	DATA 	Keypress: r
24.7733 	EXP 	fixation: autoDraw = False
24.7733 	EXP 	text: autoDraw = False
24.7733 	EXP 	text: foreColor = <psychopy.colors.Color: blue, alpha=1.0>
24.7733 	EXP 	text: height = np.float64(0.05)
24.7733 	EXP 	text: height = np.float64(0.05)
24.7733 	EXP 	text: height = np.float64(0.05)
24.7733 	EXP 	text: text = 'RED'
24.7733 	EXP 	fixation: autoDraw = True
24.9145 	EXP 	Device response: <KeyPress from None: t=24.75519199995324, value=r, duration=0.15235254203435034>
25.2622 	INFO 	Keyboard events cleared
25.2621 	EXP 	fixation: autoDraw = False
25.2621 	EXP 	text: autoDraw = True
26.3152 	EXP 	Device response: <KeyPress from None: t=26.307191333035007, value=b, duration=None>
26.3155 	EXP 	New trial (rep=4, index=2): <Trial 18 (2 in rep 4) data={'word': 'RED', 'colour': 'red', 'stim_condition': 'C', 'correct_resp': 'r', 'thisN': 18, 'thisTrialN': 2, 'thisRepN': 4}>
26.3177 	DATA 	Keypress: b
26.3214 	EXP 	fixation: autoDraw = False
26.3214 	EXP 	text: autoDraw = False
26.3214 	EXP 	text: foreColor = <psychopy.colors.Color: red, alpha=1.0>
26.3214 	EXP 	text: text = 'RED'
26.3214 	EXP 	fixation: autoDraw = True
26.4379 	EXP 	Device response: <KeyPress from None: t=26.307191333035007, value=b, duration=0.12435449997428805>
26.8123 	INFO 	Keyboard events cleared
26.8122 	EXP 	fixation: autoDraw = False
26.8122 	EXP 	text: autoDraw = True
27.5490 	EXP 	Device response: <KeyPress from None: t=27.547059625037946, value=r, duration=None>
27.5492 	EXP 	New trial (rep=4, index=3): <Trial 19 (3 in rep 4) data={'word': 'BLUE', 'colour': 'blue', 'stim_condition': 'C', 'correct_resp': 'b', 'thisN': 19, 'thisTrialN': 3, 'thisRepN': 4}>
27.5534 	DATA 	Keypress: r
27.5570 	EXP 	fixation: autoDraw = False
27.5570 	EXP 	text: autoDraw = False
27.5570 	EXP 	text: foreColor = <psychopy.colors.Color: blue, alpha=1.0>
27.5570 	EXP 	text: height = np.float64(0.05)
27.5570 	EXP 	text: height = np.float64(0.05)
27.5570 	EXP 	text: height = np.float64(0.05)
27.5570 	EXP 	text: text = 'BLUE'
27.5570 	EXP 	fixation: autoDraw = True
27.5789 	WARNING 	Multiple dropped frames have occurred - I'll stop bothering you about them!
27.7210 	EXP 	Device response: <KeyPress from None: t=27.547059625037946, value=r, duration=0.16840795800089836>
28.0448 	INFO 	Keyboard events cleared
28.0447 	EXP 	fixation: autoDraw = False
28.0447 	EXP 	text: autoDraw = True
28.6879 	EXP 	Device response: <KeyPress from None: t=28.684241082984954, value=b, duration=None>
28.6881 	EXP 	New trial (rep=5, index=0): <Trial 20 (0 in rep 5) data={'word': 'RED', 'colour': 'red', 'stim_condition': 'C', 'correct_resp': 'r', 'thisN': 20, 'thisTrialN': 0, 'thisRepN': 5}>
28.6925 	DATA 	Keypress: b
28.6963 	EXP 	fixation: autoDraw = False
28.6963 	EXP 	text: autoDraw = False
28.6963 	EXP 	text: foreColor = <psychopy.colors.Color: red, alpha=1.0>
28.6963 	EXP 	text: height = np.float64(0.05)
28.6963 	EXP 	text: height = np.float64(0.05)
28.6963 	EXP 	text: height = np.float64(0.05)
28.6963 	EXP 	text: text = 'RED'
28.6963 	EXP 	fixation: autoDraw = True
28.8044 	EXP 	Device response: <KeyPress from None: t=28.684241082984954, value=b, duration=0.11624141701031476>
29.1871 	INFO 	Keyboard events cleared
29.1870 	EXP 	fixation: autoDraw = False
29.1870 	EXP 	text: autoDraw = True
29.8989 	EXP 	Device response: <KeyPress from None: t=29.896253708051518, value=r, duration=None>
29.8991 	EXP 	New trial (rep=5, index=1): <Trial 21 (1 in rep 5) data={'word': 'BLUE', 'colour': 'blue', 'stim_condition': 'C', 'correct_resp': 'b', 'thisN': 21, 'thisTrialN': 1, 'thisRepN': 5}>
29.9036 	DATA 	Keypress: r
29.9072 	EXP 	fixation: autoDraw = False
29.9072 	EXP 	text: autoDraw = False
29.9072 	EXP 	text: foreColor = <psychopy.colors.Color: blue, alpha=1.0>
29.9072 	EXP 	text: height = np.float64(0.05)
29.9072 	EXP 	text: height = np.float64(0.05)
29.9072 	EXP 	text: height = np.float64(0.05)
29.9072 	EXP 	text: text = 'BLUE'
29.9072 	EXP 	fixation: autoDraw = True
30.0654 	EXP 	Device response: <KeyPress from None: t=29.896253708051518, value=r, duration=0.1603434169664979>
30.3958 	INFO 	Keyboard events cleared
30.3957 	EXP 	fixation: autoDraw = False
30.3957 	EXP 	text: autoDraw = True
31.1048 	EXP 	Device response: <KeyPress from None: t=31.09830354200676, value=b, duration=None>
31.1050 	EXP 	New trial (rep=5, index=2): <Trial 22 (2 in rep 5) data={'word': 'BLUE', 'colour': 'red', 'stim_condition': 'I', 'correct_resp': 'r', 'thisN': 22, 'thisTrialN': 2, 'thisRepN': 5}>
31.1072 	DATA 	Keypress: b
31.1116 	EXP 	fixation: autoDraw = False
31.1116 	EXP 	text: autoDraw = False
31.1116 	EXP 	text: foreColor = <psychopy.colors.Color: red, alpha=1.0>
31.1116 	EXP 	text: text = 'BLUE'
31.1116 	EXP 	fixation: autoDraw = True
31.2319 	EXP 	Device response: <KeyPress from None: t=31.09830354200676, value=b, duration=0.1321027500089258>
31.6035 	INFO 	Keyboard events cleared
31.6035 	EXP 	fixation: autoDraw = False
31.6035 	EXP 	text: autoDraw = True
32.3824 	EXP 	Device response: <KeyPress from None: t=32.37521841702983, value=r, duration=None>
32.3827 	EXP 	New trial (rep=5, index=3): <Trial 23 (3 in rep 5) data={'word': 'RED', 'colour': 'blue', 'stim_condition': 'I', 'correct_resp': 'b', 'thisN': 23, 'thisTrialN': 3, 'thisRepN': 5}>
32.3870 	DATA 	Keypress: r
32.3906 	EXP 	fixation: autoDraw = False
32.3906 	EXP 	text: autoDraw = False
32.3906 	EXP 	text: foreColor = <psychopy.colors.Color: blue, alpha=1.0>
32.3906 	EXP 	text: height = np.float64(0.05)
32.3906 	EXP 	text: height = np.float64(0.05)
32.3906 	EXP 	text: height = np.float64(0.05)
32.3906 	EXP 	text: text = 'RED'
32.3906 	EXP 	fixation: autoDraw = True
32.5051 	EXP 	Device response: <KeyPress from None: t=32.37521841702983, value=r, duration=0.12835254101082683>
32.8793 	INFO 	Keyboard events cleared
32.8792 	EXP 	fixation: autoDraw = False
32.8792 	EXP 	text: autoDraw = True
33.8383 	EXP 	Device response: <KeyPress from None: t=33.83627762494143, value=b, duration=None>
33.8385 	EXP 	New trial (rep=6, index=0): <Trial 24 (0 in rep 6) data={'word': 'RED', 'colour': 'blue', 'stim_condition': 'I', 'correct_resp': 'b', 'thisN': 24, 'thisTrialN': 0, 'thisRepN': 6}>
33.8405 	DATA 	Keypress: b
33.8450 	EXP 	fixation: autoDraw = False
33.8450 	EXP 	text: autoDraw = False
33.8450 	EXP 	text: foreColor = <psychopy.colors.Color: blue, alpha=1.0>
33.8450 	EXP 	text: text = 'RED'
33.8450 	EXP 	fixation: autoDraw = True
33.9381 	EXP 	Device response: <KeyPress from None: t=33.83627762494143, value=b, duration=0.10028558305930346>
34.3358 	INFO 	Keyboard events cleared
34.3358 	EXP 	fixation: autoDraw = False
34.3358 	EXP 	text: autoDraw = True
35.2153 	EXP 	Device response: <KeyPress from None: t=35.21150587499142, value=b, duration=None>
35.2156 	EXP 	New trial (rep=6, index=1): <Trial 25 (1 in rep 6) data={'word': 'RED', 'colour': 'red', 'stim_condition': 'C', 'correct_resp': 'r', 'thisN': 25, 'thisTrialN': 1, 'thisRepN': 6}>
35.2179 	DATA 	Keypress: b
35.2216 	EXP 	fixation: autoDraw = False
35.2216 	EXP 	text: autoDraw = False
35.2216 	EXP 	text: foreColor = <psychopy.colors.Color: red, alpha=1.0>
35.2216 	EXP 	text: text = 'RED'
35.2216 	EXP 	fixation: autoDraw = True
35.3379 	EXP 	Device response: <KeyPress from None: t=35.21150587499142, value=b, duration=0.12011691695079207>
35.7127 	INFO 	Keyboard events cleared
35.7126 	EXP 	fixation: autoDraw = False
35.7126 	EXP 	text: autoDraw = True
36.3721 	EXP 	Device response: <KeyPress from None: t=36.36733820801601, value=r, duration=None>
36.3724 	EXP 	New trial (rep=6, index=2): <Trial 26 (2 in rep 6) data={'word': 'BLUE', 'colour': 'red', 'stim_condition': 'I', 'correct_resp': 'r', 'thisN': 26, 'thisTrialN': 2, 'thisRepN': 6}>
36.3766 	DATA 	Keypress: r
36.3960 	EXP 	fixation: autoDraw = False
36.3960 	EXP 	text: autoDraw = False
36.3960 	EXP 	text: foreColor = <psychopy.colors.Color: red, alpha=1.0>
36.3960 	EXP 	text: height = np.float64(0.05)
36.3960 	EXP 	text: height = np.float64(0.05)
36.3960 	EXP 	text: height = np.float64(0.05)
36.3960 	EXP 	text: text = 'BLUE'
36.3960 	EXP 	fixation: autoDraw = True
36.4886 	EXP 	Device response: <KeyPress from None: t=36.36733820801601, value=r, duration=0.12019454198889434>
36.8695 	INFO 	Keyboard events cleared
36.8694 	EXP 	fixation: autoDraw = False
36.8694 	EXP 	text: autoDraw = True
37.6495 	EXP 	Device response: <KeyPress from None: t=37.64227666694205, value=r, duration=None>
37.6497 	EXP 	New trial (rep=6, index=3): <Trial 27 (3 in rep 6) data={'word': 'BLUE', 'colour': 'blue', 'stim_condition': 'C', 'correct_resp': 'b', 'thisN': 27, 'thisTrialN': 3, 'thisRepN': 6}>
37.6519 	DATA 	Keypress: r
37.6554 	EXP 	fixation: autoDraw = False
37.6554 	EXP 	text: autoDraw = False
37.6554 	EXP 	text: foreColor = <psychopy.colors.Color: blue, alpha=1.0>
37.6554 	EXP 	text: text = 'BLUE'
37.6554 	EXP 	fixation: autoDraw = True
37.8214 	EXP 	Device response: <KeyPress from None: t=37.64227666694205, value=r, duration=0.17641200008802116>
38.1461 	INFO 	Keyboard events cleared
38.1460 	EXP 	fixation: autoDraw = False
38.1460 	EXP 	text: autoDraw = True
38.6993 	EXP 	Device response: <KeyPress from None: t=38.69352108298335, value=b, duration=None>
38.6996 	EXP 	New trial (rep=7, index=0): <Trial 28 (0 in rep 7) data={'word': 'RED', 'colour': 'red', 'stim_condition': 'C', 'correct_resp': 'r', 'thisN': 28, 'thisTrialN': 0, 'thisRepN': 7}>
38.7042 	DATA 	Keypress: b
38.7078 	EXP 	fixation: autoDraw = False
38.7078 	EXP 	text: autoDraw = False
38.7078 	EXP 	text: foreColor = <psychopy.colors.Color: red, alpha=1.0>
38.7078 	EXP 	text: height = np.float64(0.05)
38.7078 	EXP 	text: height = np.float64(0.05)
38.7078 	EXP 	text: height = np.float64(0.05)
38.7078 	EXP 	text: text = 'RED'
38.7078 	EXP 	fixation: autoDraw = True
38.8160 	EXP 	Device response: <KeyPress from None: t=38.69352108298335, value=b, duration=0.11218675004784018>
39.1958 	INFO 	Keyboard events cleared
39.1957 	EXP 	fixation: autoDraw = False
39.1957 	EXP 	text: autoDraw = True
39.8322 	EXP 	Device response: <KeyPress from None: t=39.822308582952246, value=r, duration=None>
39.8324 	EXP 	New trial (rep=7, index=1): <Trial 29 (1 in rep 7) data={'word': 'BLUE', 'colour': 'blue', 'stim_condition': 'C', 'correct_resp': 'b', 'thisN': 29, 'thisTrialN': 1, 'thisRepN': 7}>
39.8366 	DATA 	Keypress: r
39.8403 	EXP 	fixation: autoDraw = False
39.8403 	EXP 	text: autoDraw = False
39.8403 	EXP 	text: foreColor = <psychopy.colors.Color: blue, alpha=1.0>
39.8403 	EXP 	text: height = np.float64(0.05)
39.8403 	EXP 	text: height = np.float64(0.05)
39.8403 	EXP 	text: height = np.float64(0.05)
39.8403 	EXP 	text: text = 'BLUE'
39.8403 	EXP 	fixation: autoDraw = True
39.9656 	EXP 	Device response: <KeyPress from None: t=39.822308582952246, value=r, duration=0.1324230000609532>
40.3295 	INFO 	Keyboard events cleared
40.3294 	EXP 	fixation: autoDraw = False
40.3294 	EXP 	text: autoDraw = True
41.3326 	EXP 	Device response: <KeyPress from None: t=41.33124916697852, value=b, duration=None>
41.3328 	EXP 	New trial (rep=7, index=2): <Trial 30 (2 in rep 7) data={'word': 'BLUE', 'colour': 'red', 'stim_condition': 'I', 'correct_resp': 'r', 'thisN': 30, 'thisTrialN': 2, 'thisRepN': 7}>
41.3369 	EXP 	fixation: autoDraw = False
41.3369 	EXP 	text: autoDraw = False
41.3369 	EXP 	text: foreColor = <psychopy.colors.Color: red, alpha=1.0>
41.3369 	EXP 	text: text = 'BLUE'
41.3369 	EXP 	fixation: autoDraw = True
41.3411 	DATA 	Keypress: b
41.4657 	EXP 	Device response: <KeyPress from None: t=41.33124916697852, value=b, duration=0.12450495804660022>
41.8288 	INFO 	Keyboard events cleared
41.8288 	EXP 	fixation: autoDraw = False
41.8288 	EXP 	text: autoDraw = True
42.4988 	EXP 	Device response: <KeyPress from None: t=42.4954315420473, value=r, duration=None>
42.4991 	EXP 	New trial (rep=7, index=3): <Trial 31 (3 in rep 7) data={'word': 'RED', 'colour': 'blue', 'stim_condition': 'I', 'correct_resp': 'b', 'thisN': 31, 'thisTrialN': 3, 'thisRepN': 7}>
42.5031 	DATA 	Keypress: r
42.5068 	EXP 	fixation: autoDraw = False
42.5068 	EXP 	text: autoDraw = False
42.5068 	EXP 	text: foreColor = <psychopy.colors.Color: blue, alpha=1.0>
42.5068 	EXP 	text: height = np.float64(0.05)
42.5068 	EXP 	text: height = np.float64(0.05)
42.5068 	EXP 	text: height = np.float64(0.05)
42.5068 	EXP 	text: text = 'RED'
42.5068 	EXP 	fixation: autoDraw = True
42.6216 	EXP 	Device response: <KeyPress from None: t=42.4954315420473, value=r, duration=0.12032404099591076>
42.9957 	INFO 	Keyboard events cleared
42.9956 	EXP 	fixation: autoDraw = False
42.9956 	EXP 	text: autoDraw = True
44.5391 	EXP 	Device response: <KeyPress from None: t=44.53732962498907, value=b, duration=None>
44.5393 	EXP 	New trial (rep=8, index=0): <Trial 32 (0 in rep 8) data={'word': 'BLUE', 'colour': 'red', 'stim_condition': 'I', 'correct_resp': 'r', 'thisN': 32, 'thisTrialN': 0, 'thisRepN': 8}>
44.5434 	DATA 	Keypress: b
44.5471 	EXP 	fixation: autoDraw = False
44.5471 	EXP 	text: autoDraw = False
44.5471 	EXP 	text: foreColor = <psychopy.colors.Color: red, alpha=1.0>
44.5471 	EXP 	text: height = np.float64(0.05)
44.5471 	EXP 	text: height = np.float64(0.05)
44.5471 	EXP 	text: height = np.float64(0.05)
44.5471 	EXP 	text: text = 'BLUE'
44.5471 	EXP 	fixation: autoDraw = True
44.6657 	EXP 	Device response: <KeyPress from None: t=44.53732962498907, value=b, duration=0.12040595803409815>
45.0367 	INFO 	Keyboard events cleared
45.0367 	EXP 	fixation: autoDraw = False
45.0367 	EXP 	text: autoDraw = True
45.9552 	EXP 	Device response: <KeyPress from None: t=45.94940812501591, value=r, duration=None>
45.9554 	EXP 	New trial (rep=8, index=1): <Trial 33 (1 in rep 8) data={'word': 'BLUE', 'colour': 'blue', 'stim_condition': 'C', 'correct_resp': 'b', 'thisN': 33, 'thisTrialN': 1, 'thisRepN': 8}>
45.9577 	DATA 	Keypress: r
45.9621 	EXP 	fixation: autoDraw = False
45.9621 	EXP 	text: autoDraw = False
45.9621 	EXP 	text: foreColor = <psychopy.colors.Color: blue, alpha=1.0>
45.9621 	EXP 	text: text = 'BLUE'
45.9621 	EXP 	fixation: autoDraw = True
46.0825 	EXP 	Device response: <KeyPress from None: t=45.94940812501591, value=r, duration=0.13226837501861155>
46.4533 	INFO 	Keyboard events cleared
46.4532 	EXP 	fixation: autoDraw = False
46.4532 	EXP 	text: autoDraw = True
47.3659 	EXP 	Device response: <KeyPress from None: t=47.35650562494993, value=b, duration=None>
47.3661 	EXP 	New trial (rep=8, index=2): <Trial 34 (2 in rep 8) data={'word': 'RED', 'colour': 'blue', 'stim_condition': 'I', 'correct_resp': 'b', 'thisN': 34, 'thisTrialN': 2, 'thisRepN': 8}>
47.3702 	DATA 	Keypress: b
47.3738 	EXP 	fixation: autoDraw = False
47.3738 	EXP 	text: autoDraw = False
47.3738 	EXP 	text: foreColor = <psychopy.colors.Color: blue, alpha=1.0>
47.3738 	EXP 	text: height = np.float64(0.05)
47.3738 	EXP 	text: height = np.float64(0.05)
47.3738 	EXP 	text: height = np.float64(0.05)
47.3738 	EXP 	text: text = 'RED'
47.3738 	EXP 	fixation: autoDraw = True
47.4992 	EXP 	Device response: <KeyPress from None: t=47.35650562494993, value=b, duration=0.14028541708830744>
47.8630 	INFO 	Keyboard events cleared
47.8629 	EXP 	fixation: autoDraw = False
47.8629 	EXP 	text: autoDraw = True
48.5494 	EXP 	Device response: <KeyPress from None: t=48.54744233295787, value=b, duration=None>
48.5497 	EXP 	New trial (rep=8, index=3): <Trial 35 (3 in rep 8) data={'word': 'RED', 'colour': 'red', 'stim_condition': 'C', 'correct_resp': 'r', 'thisN': 35, 'thisTrialN': 3, 'thisRepN': 8}>
48.5535 	EXP 	fixation: autoDraw = False
48.5535 	EXP 	text: autoDraw = False
48.5535 	EXP 	text: foreColor = <psychopy.colors.Color: red, alpha=1.0>
48.5535 	EXP 	text: text = 'RED'
48.5535 	EXP 	fixation: autoDraw = True
48.5578 	DATA 	Keypress: b
48.6660 	EXP 	Device response: <KeyPress from None: t=48.54744233295787, value=b, duration=0.11626708402764052>
49.0464 	INFO 	Keyboard events cleared
49.0464 	EXP 	fixation: autoDraw = False
49.0464 	EXP 	text: autoDraw = True
49.6660 	EXP 	Device response: <KeyPress from None: t=49.66071674996056, value=r, duration=None>
49.6662 	EXP 	New trial (rep=9, index=0): <Trial 36 (0 in rep 9) data={'word': 'BLUE', 'colour': 'red', 'stim_condition': 'I', 'correct_resp': 'r', 'thisN': 36, 'thisTrialN': 0, 'thisRepN': 9}>
49.6703 	DATA 	Keypress: r
49.6739 	EXP 	fixation: autoDraw = False
49.6739 	EXP 	text: autoDraw = False
49.6739 	EXP 	text: foreColor = <psychopy.colors.Color: red, alpha=1.0>
49.6739 	EXP 	text: height = np.float64(0.05)
49.6739 	EXP 	text: height = np.float64(0.05)
49.6739 	EXP 	text: height = np.float64(0.05)
49.6739 	EXP 	text: text = 'BLUE'
49.6739 	EXP 	fixation: autoDraw = True
49.8162 	EXP 	Device response: <KeyPress from None: t=49.66071674996056, value=r, duration=0.1480678750667721>
50.1629 	INFO 	Keyboard events cleared
50.1628 	EXP 	fixation: autoDraw = False
50.1628 	EXP 	text: autoDraw = True
51.1730 	EXP 	Device response: <KeyPress from None: t=51.167573958053254, value=r, duration=None>
51.1732 	EXP 	New trial (rep=9, index=1): <Trial 37 (1 in rep 9) data={'word': 'RED', 'colour': 'blue', 'stim_condition': 'I', 'correct_resp': 'b', 'thisN': 37, 'thisTrialN': 1, 'thisRepN': 9}>
51.1775 	DATA 	Keypress: r
51.1964 	EXP 	fixation: autoDraw = False
51.1964 	EXP 	text: autoDraw = False
51.1964 	EXP 	text: foreColor = <psychopy.colors.Color: blue, alpha=1.0>
51.1964 	EXP 	text: height = np.float64(0.05)
51.1964 	EXP 	text: height = np.float64(0.05)
51.1964 	EXP 	text: height = np.float64(0.05)
51.1964 	EXP 	text: text = 'RED'
51.1964 	EXP 	fixation: autoDraw = True
51.2830 	EXP 	Device response: <KeyPress from None: t=51.167573958053254, value=r, duration=0.11224829195998609>
51.6705 	INFO 	Keyboard events cleared
51.6704 	EXP 	fixation: autoDraw = False
51.6704 	EXP 	text: autoDraw = True
52.5331 	EXP 	Device response: <KeyPress from None: t=52.53046045801602, value=b, duration=None>
52.5334 	EXP 	New trial (rep=9, index=2): <Trial 38 (2 in rep 9) data={'word': 'BLUE', 'colour': 'blue', 'stim_condition': 'C', 'correct_resp': 'b', 'thisN': 38, 'thisTrialN': 2, 'thisRepN': 9}>
52.5374 	DATA 	Keypress: b
52.5411 	EXP 	fixation: autoDraw = False
52.5411 	EXP 	text: autoDraw = False
52.5411 	EXP 	text: foreColor = <psychopy.colors.Color: blue, alpha=1.0>
52.5411 	EXP 	text: height = np.float64(0.05)
52.5411 	EXP 	text: height = np.float64(0.05)
52.5411 	EXP 	text: height = np.float64(0.05)
52.5411 	EXP 	text: text = 'BLUE'
52.5411 	EXP 	fixation: autoDraw = True
52.6553 	EXP 	Device response: <KeyPress from None: t=52.53046045801602, value=b, duration=0.12034062494058162>
53.0299 	INFO 	Keyboard events cleared
53.0299 	EXP 	fixation: autoDraw = False
53.0299 	EXP 	text: autoDraw = True
53.8497 	EXP 	Device response: <KeyPress from None: t=53.845635332982056, value=b, duration=None>
53.8499 	EXP 	New trial (rep=9, index=3): <Trial 39 (3 in rep 9) data={'word': 'RED', 'colour': 'red', 'stim_condition': 'C', 'correct_resp': 'r', 'thisN': 39, 'thisTrialN': 3, 'thisRepN': 9}>
53.8546 	DATA 	Keypress: b
53.8582 	EXP 	fixation: autoDraw = False
53.8582 	EXP 	text: autoDraw = False
53.8582 	EXP 	text: foreColor = <psychopy.colors.Color: red, alpha=1.0>
53.8582 	EXP 	text: height = np.float64(0.05)
53.8582 	EXP 	text: height = np.float64(0.05)
53.8582 	EXP 	text: height = np.float64(0.05)
53.8582 	EXP 	text: text = 'RED'
53.8582 	EXP 	fixation: autoDraw = True
53.9727 	EXP 	Device response: <KeyPress from None: t=53.845635332982056, value=b, duration=0.12030979199334979>
54.3465 	INFO 	Keyboard events cleared
54.3464 	EXP 	fixation: autoDraw = False
54.3464 	EXP 	text: autoDraw = True
55.1889 	EXP 	Device response: <KeyPress from None: t=55.182510250015184, value=r, duration=None>
55.1919 	DATA 	Keypress: r
55.1960 	EXP 	fixation: autoDraw = False
55.1960 	EXP 	text: autoDraw = False
55.1960 	EXP 	text_3: autoDraw = True
55.3497 	EXP 	Device response: <KeyPress from None: t=55.182510250015184, value=r, duration=0.16030200000386685>
56.1858 	EXP 	text_3: autoDraw = False
56.1858 	EXP 	text_3: autoDraw = False
56.1882 	EXP 	stroop task: status = STOPPED
56.2030 	INFO 	saved data to '/Users/krishashah/Desktop/data/03_stroop task_2025-08-26_11h27.31.645.csv'
56.2039 	INFO 	saved data to /Users/krishashah/Desktop/data/03_stroop task_2025-08-26_11h27.31.645.psydat
56.2996 	DEBUG 	Saving data for stroop task ExperimentHandler
56.3012 	WARNING 	Stopping key buffers but this could be dangerous ifother keyboards rely on the same.
56.3012 	WARNING 	Stopping key buffers but this could be dangerous ifother keyboards rely on the same.
